2025-06-17 21:45:21 [INFO]: POST /uploadFile route accessed
2025-06-17 21:45:21 [INFO]: File uploaded and saved: image_1750176921324.jpeg
2025-06-17 21:47:28 [INFO]: POST /uploadFile route accessed
2025-06-17 21:47:28 [INFO]: File uploaded and saved: image_1750177048222.png
2025-06-17 21:48:09 [INFO]: POST /uploadFile route accessed
2025-06-17 21:48:09 [INFO]: File uploaded and saved: image_1750177089614.png
2025-06-17 21:48:18 [INFO]: POST /uploadFile route accessed
2025-06-17 21:48:18 [INFO]: File uploaded and saved: image_1750177098323.png
2025-06-17 21:48:30 [INFO]: Server started on http://localhost:9000
2025-06-17 21:48:33 [INFO]: POST /uploadFile route accessed
2025-06-17 21:48:33 [INFO]: File uploaded and saved: image_1750177113233.png
2025-06-17 22:11:41 [INFO]: GET / route accessed
2025-06-17 22:12:40 [INFO]: GET / route accessed
2025-06-17 22:13:39 [INFO]: GET / route accessed
2025-06-17 22:14:22 [INFO]: GET / route accessed
2025-06-17 22:14:31 [INFO]: GET / route accessed
2025-06-17 22:14:39 [INFO]: GET / route accessed
2025-06-17 22:16:35 [INFO]: GET / route accessed
2025-06-18 22:15:29 [INFO]: Login attempt fail for email: fdsfdf@gmail.com
2025-06-18 22:15:47 [INFO]: Login attempt fail for email: fdsfdf@gmail.com
2025-06-18 22:15:56 [INFO]: Login attempt fail for email: fdsfdf@gmail.com
2025-06-18 23:22:25 [INFO]: GET / route accessed
2025-06-19 13:14:44 [INFO]: GET / route accessed
2025-06-19 13:15:18 [INFO]: GET / route accessed
2025-06-23 14:45:52 [INFO]: Server started on http://localhost:9000
2025-06-23 14:59:13 [INFO]: POST /sendEmail route accessed
2025-06-23 15:11:02 [INFO]: POST /sendEmail route accessed
2025-06-23 15:12:35 [INFO]: POST /sendEmail route accessed
2025-06-23 15:13:01 [INFO]: POST /sendEmail route accessed
2025-06-23 15:13:56 [INFO]: POST /sendEmail route accessed
2025-06-23 15:15:41 [INFO]: POST /sendEmail route accessed
2025-06-23 15:18:43 [INFO]: POST /sendEmail route accessed
2025-06-23 15:21:22 [INFO]: POST /sendEmail route accessed
2025-06-23 15:22:49 [INFO]: POST /sendEmail route accessed
2025-06-23 15:26:27 [INFO]: POST /sendEmail route accessed
2025-06-23 15:29:04 [INFO]: POST /sendEmail route accessed
2025-06-23 15:31:41 [INFO]: POST /sendEmail route accessed
2025-06-23 15:33:05 [INFO]: POST /sendEmail route accessed
2025-06-23 15:34:01 [INFO]: Server started on http://localhost:9000
2025-06-23 15:34:54 [INFO]: Server started on http://localhost:9000
2025-06-23 16:00:14 [INFO]: Server started on http://localhost:9000
2025-06-23 16:00:56 [INFO]: Server started on http://localhost:9000
2025-06-23 16:11:01 [INFO]: Server started on http://localhost:9000
2025-06-23 16:41:31 [INFO]: Server started on http://localhost:9000
2025-06-23 16:45:48 [INFO]: Server started on http://localhost:9000
2025-06-23 16:47:55 [INFO]: Server started on http://localhost:9000
2025-06-23 16:50:53 [INFO]: Server started on http://localhost:9000
2025-06-23 17:06:43 [INFO]: Server started on http://localhost:9000
2025-06-23 20:27:28 [INFO]: Server started on http://localhost:9000
2025-06-23 20:30:36 [INFO]: Server started on http://localhost:9000
